
Allocating common symbols
Common symbol       size              file

interrupt_stacks    0x10              kernel/interrupt.o
thread_table        0x800             kernel/thread.o
open_sockets        0x700             net/socket.o
process_table_slock
                    0x4               proc/process.o
open_sockets_sem    0x4               net/socket.o
scheduler_current_thread
                    0x10              kernel/scheduler.o
process_table       0x2200            proc/process.o
thread_stack_areas  0x20000           kernel/thread.o
thread_table_slock  0x4               kernel/thread.o
network_interfaces  0x30              net/network.o

Discarded input sections

 .reginfo       0x0000000000000000       0x18 kernel/cswitch.o
 .reginfo       0x0000000000000000       0x18 kernel/_interrupt.o
 .reginfo       0x0000000000000000       0x18 kernel/_spinlock.o
 .reginfo       0x0000000000000000       0x18 kernel/idle.o
 .reginfo       0x0000000000000000       0x18 lib/rand.o
 .reginfo       0x0000000000000000       0x18 drivers/_timer.o
 .reginfo       0x0000000000000000       0x18 vm/_tlb.o
 .reginfo       0x0000000000000000       0x18 init/main.o
 .reginfo       0x0000000000000000       0x18 kernel/panic.o
 .reginfo       0x0000000000000000       0x18 kernel/kmalloc.o
 .reginfo       0x0000000000000000       0x18 kernel/interrupt.o
 .reginfo       0x0000000000000000       0x18 kernel/thread.o
 .reginfo       0x0000000000000000       0x18 kernel/scheduler.o
 .reginfo       0x0000000000000000       0x18 kernel/sleepq.o
 .reginfo       0x0000000000000000       0x18 kernel/semaphore.o
 .reginfo       0x0000000000000000       0x18 kernel/exception.o
 .reginfo       0x0000000000000000       0x18 kernel/halt.o
 .reginfo       0x0000000000000000       0x18 lib/libc.o
 .reginfo       0x0000000000000000       0x18 lib/xprintf.o
 .reginfo       0x0000000000000000       0x18 lib/bitmap.o
 .reginfo       0x0000000000000000       0x18 lib/debug.o
 .reginfo       0x0000000000000000       0x18 drivers/polltty.o
 .reginfo       0x0000000000000000       0x18 drivers/timer.o
 .reginfo       0x0000000000000000       0x18 drivers/bootargs.o
 .reginfo       0x0000000000000000       0x18 drivers/device.o
 .reginfo       0x0000000000000000       0x18 drivers/drivers.o
 .reginfo       0x0000000000000000       0x18 drivers/tty.o
 .reginfo       0x0000000000000000       0x18 drivers/disk.o
 .reginfo       0x0000000000000000       0x18 drivers/disksched.o
 .reginfo       0x0000000000000000       0x18 drivers/metadev.o
 .reginfo       0x0000000000000000       0x18 proc/exception.o
 .reginfo       0x0000000000000000       0x18 proc/elf.o
 .reginfo       0x0000000000000000       0x18 proc/process.o
 .reginfo       0x0000000000000000       0x18 proc/syscall.o
 .reginfo       0x0000000000000000       0x18 proc/read.o
 .reginfo       0x0000000000000000       0x18 proc/write.o
 .reginfo       0x0000000000000000       0x18 proc/exec.o
 .reginfo       0x0000000000000000       0x18 proc/exit.o
 .reginfo       0x0000000000000000       0x18 proc/join.o
 .reginfo       0x0000000000000000       0x18 vm/vm.o
 .reginfo       0x0000000000000000       0x18 vm/pagepool.o
 .reginfo       0x0000000000000000       0x18 vm/tlb.o
 .reginfo       0x0000000000000000       0x18 fs/vfs.o
 .reginfo       0x0000000000000000       0x18 fs/tfs.o
 .reginfo       0x0000000000000000       0x18 fs/filesystems.o
 .reginfo       0x0000000000000000       0x18 net/network.o
 .reginfo       0x0000000000000000       0x18 net/protocols.o
 .reginfo       0x0000000000000000       0x18 net/socket.o
 .reginfo       0x0000000000000000       0x18 net/pop.o

Memory Configuration

Name             Origin             Length             Attributes
*default*        0x0000000000000000 0xffffffffffffffff

Linker script and memory map

                0x0000000080010000                . = 0x80010000

.text           0x0000000080010000     0x9d54
 *(.text)
 .text          0x0000000080010000       0x60 init/_boot.o
                0x0000000080010000                _start
 .text          0x0000000080010060      0x350 kernel/cswitch.o
                0x0000000080010060                _cswitch_vector_code
                0x0000000080010080                _cswitch_switch
                0x0000000080010388                _cswitch_to_userland
 .text          0x00000000800103b0      0x120 kernel/_interrupt.o
                0x00000000800103b0                _interrupt_disable
                0x00000000800103cc                _interrupt_enable
                0x00000000800103e4                _interrupt_set_state
                0x0000000080010408                _interrupt_get_state
                0x0000000080010414                _interrupt_generate_sw0
                0x000000008001042c                _interrupt_clear_sw
                0x0000000080010444                _interrupt_clear_sw0
                0x000000008001045c                _interrupt_clear_sw1
                0x0000000080010474                _interrupt_clear_bootstrap
                0x0000000080010490                _interrupt_getcpu
                0x00000000800104a0                _interrupt_clear_EXL
                0x00000000800104b8                _interrupt_set_EXL
 .text          0x00000000800104d0       0x30 kernel/_spinlock.o
                0x00000000800104d0                spinlock_reset
                0x00000000800104d0                spinlock_release
                0x00000000800104dc                spinlock_acquire
 .text          0x0000000080010500        0xc kernel/idle.o
                0x0000000080010500                _idle_thread_wait_loop
 .text          0x000000008001050c       0x4c lib/rand.o
                0x000000008001050c                _set_rand_seed
                0x000000008001051c                _get_rand
 .text          0x0000000080010558       0x14 drivers/_timer.o
                0x0000000080010558                _timer_set_ticks
 .text          0x000000008001056c      0x15c vm/_tlb.o
                0x000000008001056c                _tlb_get_exception_state
                0x0000000080010590                _tlb_set_asid
                0x00000000800105b0                _tlb_get_maxindex
                0x00000000800105c4                _tlb_probe
                0x00000000800105dc                _tlb_read
                0x0000000080010640                _tlb_write
                0x00000000800106a4                _tlb_write_random
 .text          0x00000000800106c8      0x490 init/main.o
                0x00000000800106c8                init_startup_fallback
                0x0000000080010880                init_startup_thread
                0x0000000080010934                init
 .text          0x0000000080010b58       0x68 kernel/panic.o
                0x0000000080010b58                _kernel_panic
 .text          0x0000000080010bc0      0x258 kernel/kmalloc.o
                0x0000000080010bc0                kmalloc_get_numpages
                0x0000000080010c44                kmalloc_get_reserved_pages
                0x0000000080010c6c                kmalloc_disable
                0x0000000080010c7c                kmalloc_init
                0x0000000080010cf4                kmalloc
 .text          0x0000000080010e18      0x37c kernel/interrupt.o
                0x0000000080010e18                interrupt_init
                0x0000000080010f3c                interrupt_register
                0x000000008001104c                interrupt_handle
 .text          0x0000000080011194      0x418 kernel/thread.o
                0x0000000080011194                thread_table_init
                0x0000000080011234                thread_create
                0x00000000800113e0                thread_run
                0x00000000800113e8                thread_switch
                0x0000000080011414                thread_get_current_thread
                0x0000000080011464                thread_finish
                0x0000000080011518                thread_get_current_thread_entry
                0x0000000080011574                thread_goto_userland
 .text          0x00000000800115ac      0x330 kernel/scheduler.o
                0x00000000800115ac                scheduler_init
                0x00000000800115c8                scheduler_add_to_ready_list
                0x00000000800116b4                scheduler_add_ready
                0x0000000080011724                scheduler_schedule
 .text          0x00000000800118dc      0x48c kernel/sleepq.o
                0x00000000800118dc                sleepq_init
                0x0000000080011908                sleepq_add
                0x0000000080011a60                sleepq_wake
                0x0000000080011bd0                sleepq_wake_all
 .text          0x0000000080011d68      0x2a4 kernel/semaphore.o
                0x0000000080011d68                semaphore_init
                0x0000000080011db0                semaphore_create
                0x0000000080011ef8                semaphore_destroy
                0x0000000080011f04                semaphore_P
                0x0000000080011f8c                semaphore_V
 .text          0x000000008001200c      0x290 kernel/exception.o
                0x0000000080012044                kernel_exception_handle
 .text          0x000000008001229c       0x3c kernel/halt.o
                0x000000008001229c                halt_kernel
 .text          0x00000000800122d8      0x3d8 lib/libc.o
                0x00000000800122d8                kwrite
                0x0000000080012320                kread
                0x0000000080012394                stringcmp
                0x00000000800123fc                stringcopy
                0x0000000080012498                memcopy
                0x0000000080012564                memoryset
                0x000000008001258c                atoi
                0x0000000080012674                strlen
 .text          0x00000000800126b0      0x8c0 lib/xprintf.o
                0x0000000080012e04                kvprintf
                0x0000000080012e8c                kprintf
                0x0000000080012f1c                vsnprintf
                0x0000000080012f40                snprintf
 .text          0x0000000080012f70      0x3b8 lib/bitmap.o
                0x0000000080012f70                bitmap_sizeof
                0x0000000080012f98                bitmap_init
                0x0000000080013020                bitmap_get
                0x00000000800130f0                bitmap_set
                0x0000000080013210                bitmap_findnset
 .text          0x0000000080013328       0x44 lib/debug.o
                0x0000000080013328                DEBUG
 .text          0x000000008001336c       0xec drivers/polltty.o
                0x000000008001336c                polltty_init
                0x00000000800133d0                polltty_getchar
                0x0000000080013410                polltty_putchar
 .text          0x0000000080013458       0x34 drivers/timer.o
                0x0000000080013458                timer_set_ticks
 .text          0x000000008001348c      0x274 drivers/bootargs.o
                0x000000008001348c                bootargs_init
                0x0000000080013668                bootargs_get
 .text          0x0000000080013700      0x1dc drivers/device.o
                0x0000000080013700                device_init
                0x000000008001387c                device_get
 .text          0x00000000800138dc        0x0 drivers/drivers.o
 .text          0x00000000800138dc      0x7c0 drivers/tty.o
                0x00000000800138dc                tty_interrupt_handle
                0x0000000080013ee0                tty_init
 .text          0x000000008001409c      0x574 drivers/disk.o
                0x00000000800144e4                disk_init
 .text          0x0000000080014610       0x3c drivers/disksched.o
                0x0000000080014610                disksched_schedule
 .text          0x000000008001464c      0x484 drivers/metadev.o
                0x00000000800146d8                cpustatus_interrupt_handle
                0x0000000080014764                rtc_init
                0x00000000800147d4                rtc_get_msec
                0x00000000800147ec                rtc_get_clockspeed
                0x0000000080014804                meminfo_init
                0x0000000080014874                meminfo_get_pages
                0x000000008001488c                cpustatus_init
                0x000000008001492c                cpustatus_count
                0x0000000080014974                cpustatus_generate_irq
                0x00000000800149f4                shutdown_init
                0x0000000080014a64                shutdown
 .text          0x0000000080014ad0      0x234 proc/exception.o
                0x0000000080014ad0                user_exception_handle
 .text          0x0000000080014d04      0x22c proc/elf.o
                0x0000000080014d04                elf_parse_header
 .text          0x0000000080014f30      0xc5c proc/process.o
                0x0000000080014f30                process_start
                0x0000000080015504                process_init
                0x0000000080015590                process_get_current_process
                0x00000000800155b0                process_spawn
                0x0000000080015794                process_get_current_process_entry
                0x00000000800157c8                process_join
                0x0000000080015940                process_get_process_entry
                0x000000008001595c                process_get_free
                0x00000000800159a0                process_join_children
                0x0000000080015a50                process_finish
 .text          0x0000000080015b8c      0x194 proc/syscall.o
                0x0000000080015b8c                syscall_handle
 .text          0x0000000080015d20      0x128 proc/read.o
                0x0000000080015d20                syscall_read
 .text          0x0000000080015e48       0xfc proc/write.o
                0x0000000080015e48                syscall_write
 .text          0x0000000080015f44        0x8 proc/exec.o
                0x0000000080015f44                syscall_exec
 .text          0x0000000080015f4c        0x8 proc/exit.o
                0x0000000080015f4c                syscall_exit
 .text          0x0000000080015f54        0x8 proc/join.o
                0x0000000080015f54                syscall_join
 .text          0x0000000080015f5c      0x550 vm/vm.o
                0x0000000080015f5c                vm_init
                0x0000000080015f78                vm_create_pagetable
                0x0000000080015fc4                vm_destroy_pagetable
                0x0000000080015fd4                vm_map
                0x0000000080016304                vm_unmap
                0x000000008001630c                vm_set_dirty
 .text          0x00000000800164ac      0x278 vm/pagepool.o
                0x00000000800164ac                pagepool_init
                0x0000000080016580                pagepool_get_phys_page
                0x000000008001664c                pagepool_free_phys_page
 .text          0x0000000080016724       0xd4 vm/tlb.o
                0x0000000080016724                tlb_modified_exception
                0x000000008001673c                tlb_load_exception
                0x0000000080016754                tlb_store_exception
                0x000000008001676c                tlb_fill
 .text          0x00000000800167f8     0x117c fs/vfs.o
                0x0000000080016b40                vfs_init
                0x0000000080016c3c                vfs_deinit
                0x0000000080016dcc                vfs_mount
                0x0000000080016f68                vfs_mount_fs
                0x0000000080017068                vfs_mount_all
                0x00000000800170f0                vfs_unmount
                0x0000000080017260                vfs_open
                0x0000000080017430                vfs_close
                0x00000000800174b8                vfs_seek
                0x000000008001754c                vfs_read
                0x0000000080017634                vfs_write
                0x000000008001771c                vfs_create
                0x0000000080017810                vfs_remove
                0x00000000800178d0                vfs_getfree
 .text          0x0000000080017974     0x1008 fs/tfs.o
                0x0000000080017974                tfs_close
                0x000000008001797c                tfs_getfree
                0x0000000080017a54                tfs_write
                0x0000000080017d94                tfs_read
                0x000000008001802c                tfs_open
                0x0000000080018134                tfs_remove
                0x00000000800183b0                tfs_create
                0x000000008001870c                tfs_unmount
                0x0000000080018764                tfs_init
 .text          0x000000008001897c       0xb0 fs/filesystems.o
                0x000000008001897c                filesystems_try_all
 .text          0x0000000080018a2c      0x5c4 net/network.o
                0x0000000080018b4c                network_init
                0x0000000080018cc0                network_get_source_address
                0x0000000080018cf8                network_get_broadcast_address
                0x0000000080018d00                network_get_loopback_address
                0x0000000080018d08                network_get_mtu
                0x0000000080018ddc                network_send
                0x0000000080018fe0                network_free_frame
 .text          0x0000000080018ff0       0xb4 net/protocols.o
                0x0000000080018ff0                protocols_get_frame_handler
                0x0000000080019048                protocols_init
 .text          0x00000000800190a4      0x31c net/socket.o
                0x00000000800190a4                socket_init
                0x0000000080019164                socket_open
                0x0000000080019310                socket_close
 .text          0x00000000800193c0      0x994 net/pop.o
                0x00000000800196c8                socket_sendto
                0x00000000800198cc                socket_recvfrom
                0x0000000080019a34                pop_init
                0x0000000080019b88                pop_push_frame

.rodata         0x0000000080019d54     0x1860
 *(.rodata .rodata.*)
 .rodata.str1.4
                0x0000000080019d54      0x491 init/main.o
                                        0x498 (size before relaxing)
 *fill*         0x000000008001a1e5        0x3 
 .rodata.str1.4
                0x000000008001a1e8       0x26 kernel/panic.o
                                         0x28 (size before relaxing)
 *fill*         0x000000008001a20e        0x2 
 .rodata.str1.4
                0x000000008001a210      0x11f kernel/kmalloc.o
                                        0x120 (size before relaxing)
 *fill*         0x000000008001a32f        0x1 
 .rodata.str1.4
                0x000000008001a330       0xea kernel/interrupt.o
                                         0xec (size before relaxing)
 *fill*         0x000000008001a41a        0x2 
 .rodata.str1.4
                0x000000008001a41c       0x97 kernel/thread.o
                                         0xac (size before relaxing)
 *fill*         0x000000008001a4b3        0x1 
 .rodata.str1.4
                0x000000008001a4b4       0x13 kernel/scheduler.o
                                         0x28 (size before relaxing)
 *fill*         0x000000008001a4c7        0x1 
 .rodata.str1.4
                0x000000008001a4c8       0x10 kernel/sleepq.o
                                         0x24 (size before relaxing)
 .rodata.str1.4
                0x000000008001a4d8       0x13 kernel/semaphore.o
                                         0x28 (size before relaxing)
 *fill*         0x000000008001a4eb        0x1 
 .rodata.str1.4
                0x000000008001a4ec      0x26a kernel/exception.o
                                        0x26c (size before relaxing)
 *fill*         0x000000008001a756        0x2 
 .rodata        0x000000008001a758       0x38 kernel/exception.o
 .rodata.str1.4
                0x000000008001a790       0x54 kernel/halt.o
 .rodata        0x000000008001a7e4      0x10c lib/xprintf.o
 .rodata.str1.4
                0x000000008001a8f0       0x2c lib/bitmap.o
                                         0x40 (size before relaxing)
 .rodata.str1.4
                0x0000000000000000       0x2c drivers/bootargs.o
                                          0x4 (size before relaxing)
 .rodata.str1.4
                0x000000008001a91c       0xaa drivers/device.o
                                         0xac (size before relaxing)
 *fill*         0x000000008001a9c6        0x2 
 .rodata.str1.4
                0x000000008001a9c8       0x51 drivers/drivers.o
                                         0x54 (size before relaxing)
 *fill*         0x000000008001aa19        0x3 
 .rodata.str1.4
                0x000000008001aa1c       0x8e drivers/tty.o
                                         0x90 (size before relaxing)
 *fill*         0x000000008001aaaa        0x2 
 .rodata.str1.4
                0x000000008001aaac       0x93 drivers/disk.o
                                         0xa8 (size before relaxing)
 *fill*         0x000000008001ab3f        0x1 
 .rodata.str1.4
                0x000000008001ab40      0x12c drivers/metadev.o
                                        0x140 (size before relaxing)
 .rodata.str1.4
                0x000000008001ac6c       0x11 proc/exception.o
                                        0x1d8 (size before relaxing)
 *fill*         0x000000008001ac7d        0x3 
 .rodata        0x000000008001ac80       0x38 proc/exception.o
 .rodata.str1.4
                0x000000008001acb8      0x262 proc/process.o
                                        0x278 (size before relaxing)
 *fill*         0x000000008001af1a        0x2 
 .rodata.str1.4
                0x000000008001af1c       0x27 proc/syscall.o
                                         0x28 (size before relaxing)
 *fill*         0x000000008001af43        0x1 
 .rodata.str1.4
                0x000000008001af44        0xc proc/read.o
                                         0x20 (size before relaxing)
 .rodata.str1.4
                0x000000008001af50        0xd proc/write.o
                                         0x24 (size before relaxing)
 *fill*         0x000000008001af5d        0x3 
 .rodata.str1.4
                0x000000008001af60      0x100 vm/vm.o
                                        0x114 (size before relaxing)
 .rodata.str1.4
                0x000000008001b060       0x6a vm/pagepool.o
                                         0x80 (size before relaxing)
 *fill*         0x000000008001b0ca        0x2 
 .rodata.str1.4
                0x000000008001b0cc       0x6e vm/tlb.o
                                         0x84 (size before relaxing)
 *fill*         0x000000008001b13a        0x2 
 .rodata.str1.4
                0x000000008001b13c      0x2d1 fs/vfs.o
                                        0x2e8 (size before relaxing)
 *fill*         0x000000008001b40d        0x3 
 .rodata.str1.4
                0x000000008001b410       0x92 fs/tfs.o
                                         0x94 (size before relaxing)
 *fill*         0x000000008001b4a2        0x2 
 .rodata.str1.4
                0x000000008001b4a4       0x2c fs/filesystems.o
 .rodata.str1.4
                0x000000008001b4d0       0x4e net/network.o
                                         0x64 (size before relaxing)
 *fill*         0x000000008001b51e        0x2 
 .rodata.str1.4
                0x000000008001b520       0x3a net/socket.o
                                         0x50 (size before relaxing)
 *fill*         0x000000008001b55a        0x2 
 .rodata.str1.4
                0x000000008001b55c       0x58 net/pop.o
                                         0x6c (size before relaxing)

.rel.dyn        0x000000008001b5b4        0x0
 .rel.dyn       0x0000000000000000        0x0 drivers/drivers.o

.data           0x000000008001b5b4       0x90
 *(.data)
 .data          0x000000008001b5b4        0x0 init/_boot.o
 .data          0x000000008001b5b4        0x0 kernel/cswitch.o
 .data          0x000000008001b5b4        0x0 kernel/_interrupt.o
 .data          0x000000008001b5b4        0x0 kernel/_spinlock.o
 .data          0x000000008001b5b4        0x0 kernel/idle.o
 .data          0x000000008001b5b4        0xc lib/rand.o
 .data          0x000000008001b5c0        0x0 drivers/_timer.o
 .data          0x000000008001b5c0        0x0 vm/_tlb.o
 .data          0x000000008001b5c0        0x0 init/main.o
 .data          0x000000008001b5c0        0x0 kernel/panic.o
 .data          0x000000008001b5c0        0x0 kernel/kmalloc.o
 .data          0x000000008001b5c0        0x0 kernel/interrupt.o
 .data          0x000000008001b5c0        0x0 kernel/thread.o
 .data          0x000000008001b5c0        0x8 kernel/scheduler.o
 .data          0x000000008001b5c8        0x0 kernel/sleepq.o
 .data          0x000000008001b5c8        0x0 kernel/semaphore.o
 .data          0x000000008001b5c8        0x0 kernel/exception.o
 .data          0x000000008001b5c8        0x0 kernel/halt.o
 .data          0x000000008001b5c8        0x0 lib/libc.o
 .data          0x000000008001b5c8        0x0 lib/xprintf.o
 .data          0x000000008001b5c8        0x0 lib/bitmap.o
 .data          0x000000008001b5c8        0x0 lib/debug.o
 .data          0x000000008001b5c8        0x0 drivers/polltty.o
 .data          0x000000008001b5c8        0x0 drivers/timer.o
 .data          0x000000008001b5c8        0x0 drivers/bootargs.o
 .data          0x000000008001b5c8        0x0 drivers/device.o
 .data          0x000000008001b5c8       0x54 drivers/drivers.o
                0x000000008001b5c8                drivers_available
 .data          0x000000008001b61c        0x0 drivers/tty.o
 .data          0x000000008001b61c        0x0 drivers/disk.o
 .data          0x000000008001b61c        0x0 drivers/disksched.o
 .data          0x000000008001b61c        0x0 drivers/metadev.o
 .data          0x000000008001b61c        0x0 proc/exception.o
 .data          0x000000008001b61c        0x0 proc/elf.o
 .data          0x000000008001b61c        0x0 proc/process.o
 .data          0x000000008001b61c        0x0 proc/syscall.o
 .data          0x000000008001b61c        0x0 proc/read.o
 .data          0x000000008001b61c        0x0 proc/write.o
 .data          0x000000008001b61c        0x0 proc/exec.o
 .data          0x000000008001b61c        0x0 proc/exit.o
 .data          0x000000008001b61c        0x0 proc/join.o
 .data          0x000000008001b61c        0x0 vm/vm.o
 .data          0x000000008001b61c        0x0 vm/pagepool.o
 .data          0x000000008001b61c        0x0 vm/tlb.o
 .data          0x000000008001b61c        0x0 fs/vfs.o
 .data          0x000000008001b61c        0x0 fs/tfs.o
 .data          0x000000008001b61c       0x10 fs/filesystems.o
 .data          0x000000008001b62c        0x0 net/network.o
 .data          0x000000008001b62c       0x18 net/protocols.o
                0x000000008001b62c                network_protocols
 .data          0x000000008001b644        0x0 net/socket.o
 .data          0x000000008001b644        0x0 net/pop.o

.bss            0x000000008001b644    0x25e34
 *(.bss COMMON)
 .bss           0x000000008001b644        0x0 init/_boot.o
 .bss           0x000000008001b644        0x0 kernel/cswitch.o
 .bss           0x000000008001b644        0x0 kernel/_interrupt.o
 .bss           0x000000008001b644        0x0 kernel/_spinlock.o
 .bss           0x000000008001b644        0x0 kernel/idle.o
 .bss           0x000000008001b644        0x0 lib/rand.o
 .bss           0x000000008001b644        0x0 drivers/_timer.o
 .bss           0x000000008001b644        0x0 vm/_tlb.o
 .bss           0x000000008001b644        0x4 init/main.o
                0x000000008001b644                kernel_bootstrap_finished
 .bss           0x000000008001b648        0x0 kernel/panic.o
 .bss           0x000000008001b648        0x8 kernel/kmalloc.o
 .bss           0x000000008001b650      0x600 kernel/interrupt.o
 COMMON         0x000000008001bc50       0x10 kernel/interrupt.o
                0x000000008001bc50                interrupt_stacks
 .bss           0x000000008001bc60        0x4 kernel/thread.o
 COMMON         0x000000008001bc64    0x20804 kernel/thread.o
                0x000000008001bc64                thread_table
                0x000000008001c464                thread_stack_areas
                0x000000008003c464                thread_table_slock
 .bss           0x000000008003c468        0x0 kernel/scheduler.o
 COMMON         0x000000008003c468       0x10 kernel/scheduler.o
                0x000000008003c468                scheduler_current_thread
 .bss           0x000000008003c478      0x200 kernel/sleepq.o
 .bss           0x000000008003c678      0x608 kernel/semaphore.o
 .bss           0x000000008003cc80        0x0 kernel/exception.o
 .bss           0x000000008003cc80        0x0 kernel/halt.o
 .bss           0x000000008003cc80        0x0 lib/libc.o
 .bss           0x000000008003cc80        0x4 lib/xprintf.o
                0x000000008003cc80                kprintf_slock
 .bss           0x000000008003cc84        0x0 lib/bitmap.o
 .bss           0x000000008003cc84        0x0 lib/debug.o
 .bss           0x000000008003cc84        0x4 drivers/polltty.o
 .bss           0x000000008003cc88        0x0 drivers/timer.o
 .bss           0x000000008003cc88      0x100 drivers/bootargs.o
 .bss           0x000000008003cd88      0x204 drivers/device.o
 .bss           0x000000008003cf8c        0x0 drivers/drivers.o
 .bss           0x000000008003cf8c        0x4 drivers/tty.o
 .bss           0x000000008003cf90        0x0 drivers/disk.o
 .bss           0x000000008003cf90        0x0 drivers/disksched.o
 .bss           0x000000008003cf90       0x48 drivers/metadev.o
 .bss           0x000000008003cfd8        0x0 proc/exception.o
 .bss           0x000000008003cfd8        0x0 proc/elf.o
 .bss           0x000000008003cfd8        0x0 proc/process.o
 COMMON         0x000000008003cfd8     0x2204 proc/process.o
                0x000000008003cfd8                process_table_slock
                0x000000008003cfdc                process_table
 .bss           0x000000008003f1dc        0x0 proc/syscall.o
 .bss           0x000000008003f1dc        0x0 proc/read.o
 .bss           0x000000008003f1dc        0x0 proc/write.o
 .bss           0x000000008003f1dc        0x0 proc/exec.o
 .bss           0x000000008003f1dc        0x0 proc/exit.o
 .bss           0x000000008003f1dc        0x0 proc/join.o
 .bss           0x000000008003f1dc        0x0 vm/vm.o
 .bss           0x000000008003f1dc       0x14 vm/pagepool.o
 .bss           0x000000008003f1f0        0x0 vm/tlb.o
 .bss           0x000000008003f1f0     0x18b8 fs/vfs.o
 .bss           0x0000000080040aa8        0x0 fs/tfs.o
 .bss           0x0000000080040aa8        0x0 fs/filesystems.o
 .bss           0x0000000080040aa8        0x0 net/network.o
 COMMON         0x0000000080040aa8       0x30 net/network.o
                0x0000000080040aa8                network_interfaces
 .bss           0x0000000080040ad8        0x0 net/protocols.o
 .bss           0x0000000080040ad8        0x4 net/socket.o
 COMMON         0x0000000080040adc      0x704 net/socket.o
                0x0000000080040adc                open_sockets
                0x00000000800411dc                open_sockets_sem
 .bss           0x00000000800411e0      0x298 net/pop.o
                0x0000000080041478                KERNEL_ENDS_HERE = .
LOAD init/_boot.o
LOAD kernel/cswitch.o
LOAD kernel/_interrupt.o
LOAD kernel/_spinlock.o
LOAD kernel/idle.o
LOAD lib/rand.o
LOAD drivers/_timer.o
LOAD vm/_tlb.o
LOAD init/main.o
LOAD kernel/panic.o
LOAD kernel/kmalloc.o
LOAD kernel/interrupt.o
LOAD kernel/thread.o
LOAD kernel/scheduler.o
LOAD kernel/sleepq.o
LOAD kernel/semaphore.o
LOAD kernel/exception.o
LOAD kernel/halt.o
LOAD lib/libc.o
LOAD lib/xprintf.o
LOAD lib/bitmap.o
LOAD lib/debug.o
LOAD drivers/polltty.o
LOAD drivers/timer.o
LOAD drivers/bootargs.o
LOAD drivers/device.o
LOAD drivers/drivers.o
LOAD drivers/tty.o
LOAD drivers/disk.o
LOAD drivers/disksched.o
LOAD drivers/metadev.o
LOAD proc/exception.o
LOAD proc/elf.o
LOAD proc/process.o
LOAD proc/syscall.o
LOAD proc/read.o
LOAD proc/write.o
LOAD proc/exec.o
LOAD proc/exit.o
LOAD proc/join.o
LOAD vm/vm.o
LOAD vm/pagepool.o
LOAD vm/tlb.o
LOAD fs/vfs.o
LOAD fs/tfs.o
LOAD fs/filesystems.o
LOAD net/network.o
LOAD net/protocols.o
LOAD net/socket.o
LOAD net/pop.o
OUTPUT(buenos elf32-bigmips)

.reginfo        0x0000000000000000       0x18
 .reginfo       0x0000000000000000       0x18 init/_boot.o

.pdr            0x0000000000000000     0x1920
 .pdr           0x0000000000000000       0x40 init/_boot.o
 .pdr           0x0000000000000040       0xa0 kernel/cswitch.o
 .pdr           0x00000000000000e0      0x180 kernel/_interrupt.o
 .pdr           0x0000000000000260       0x40 kernel/_spinlock.o
 .pdr           0x00000000000002a0       0x20 kernel/idle.o
 .pdr           0x00000000000002c0       0x40 lib/rand.o
 .pdr           0x0000000000000300       0x20 drivers/_timer.o
 .pdr           0x0000000000000320       0xe0 vm/_tlb.o
 .pdr           0x0000000000000400       0x60 init/main.o
 .pdr           0x0000000000000460       0x20 kernel/panic.o
 .pdr           0x0000000000000480       0xa0 kernel/kmalloc.o
 .pdr           0x0000000000000520       0x60 kernel/interrupt.o
 .pdr           0x0000000000000580      0x100 kernel/thread.o
 .pdr           0x0000000000000680       0x80 kernel/scheduler.o
 .pdr           0x0000000000000700       0x80 kernel/sleepq.o
 .pdr           0x0000000000000780       0xa0 kernel/semaphore.o
 .pdr           0x0000000000000820       0x40 kernel/exception.o
 .pdr           0x0000000000000860       0x20 kernel/halt.o
 .pdr           0x0000000000000880      0x100 lib/libc.o
 .pdr           0x0000000000000980       0xe0 lib/xprintf.o
 .pdr           0x0000000000000a60       0xa0 lib/bitmap.o
 .pdr           0x0000000000000b00       0x20 lib/debug.o
 .pdr           0x0000000000000b20       0x60 drivers/polltty.o
 .pdr           0x0000000000000b80       0x20 drivers/timer.o
 .pdr           0x0000000000000ba0       0x40 drivers/bootargs.o
 .pdr           0x0000000000000be0       0x40 drivers/device.o
 .pdr           0x0000000000000c20        0x0 drivers/drivers.o
 .pdr           0x0000000000000c20       0x80 drivers/tty.o
 .pdr           0x0000000000000ca0      0x100 drivers/disk.o
 .pdr           0x0000000000000da0       0x20 drivers/disksched.o
 .pdr           0x0000000000000dc0      0x180 drivers/metadev.o
 .pdr           0x0000000000000f40       0x20 proc/exception.o
 .pdr           0x0000000000000f60       0x20 proc/elf.o
 .pdr           0x0000000000000f80      0x140 proc/process.o
 .pdr           0x00000000000010c0       0x20 proc/syscall.o
 .pdr           0x00000000000010e0       0x20 proc/read.o
 .pdr           0x0000000000001100       0x20 proc/write.o
 .pdr           0x0000000000001120       0x20 proc/exec.o
 .pdr           0x0000000000001140       0x20 proc/exit.o
 .pdr           0x0000000000001160       0x20 proc/join.o
 .pdr           0x0000000000001180       0xc0 vm/vm.o
 .pdr           0x0000000000001240       0x60 vm/pagepool.o
 .pdr           0x00000000000012a0       0x80 vm/tlb.o
 .pdr           0x0000000000001320      0x260 fs/vfs.o
 .pdr           0x0000000000001580      0x120 fs/tfs.o
 .pdr           0x00000000000016a0       0x20 fs/filesystems.o
 .pdr           0x00000000000016c0      0x120 net/network.o
 .pdr           0x00000000000017e0       0x40 net/protocols.o
 .pdr           0x0000000000001820       0x60 net/socket.o
 .pdr           0x0000000000001880       0xa0 net/pop.o

.mdebug.abi32   0x0000000000000000        0x0
 .mdebug.abi32  0x0000000000000000        0x0 init/main.o
 .mdebug.abi32  0x0000000000000000        0x0 kernel/panic.o
 .mdebug.abi32  0x0000000000000000        0x0 kernel/kmalloc.o
 .mdebug.abi32  0x0000000000000000        0x0 kernel/interrupt.o
 .mdebug.abi32  0x0000000000000000        0x0 kernel/thread.o
 .mdebug.abi32  0x0000000000000000        0x0 kernel/scheduler.o
 .mdebug.abi32  0x0000000000000000        0x0 kernel/sleepq.o
 .mdebug.abi32  0x0000000000000000        0x0 kernel/semaphore.o
 .mdebug.abi32  0x0000000000000000        0x0 kernel/exception.o
 .mdebug.abi32  0x0000000000000000        0x0 kernel/halt.o
 .mdebug.abi32  0x0000000000000000        0x0 lib/libc.o
 .mdebug.abi32  0x0000000000000000        0x0 lib/xprintf.o
 .mdebug.abi32  0x0000000000000000        0x0 lib/bitmap.o
 .mdebug.abi32  0x0000000000000000        0x0 lib/debug.o
 .mdebug.abi32  0x0000000000000000        0x0 drivers/polltty.o
 .mdebug.abi32  0x0000000000000000        0x0 drivers/timer.o
 .mdebug.abi32  0x0000000000000000        0x0 drivers/bootargs.o
 .mdebug.abi32  0x0000000000000000        0x0 drivers/device.o
 .mdebug.abi32  0x0000000000000000        0x0 drivers/drivers.o
 .mdebug.abi32  0x0000000000000000        0x0 drivers/tty.o
 .mdebug.abi32  0x0000000000000000        0x0 drivers/disk.o
 .mdebug.abi32  0x0000000000000000        0x0 drivers/disksched.o
 .mdebug.abi32  0x0000000000000000        0x0 drivers/metadev.o
 .mdebug.abi32  0x0000000000000000        0x0 proc/exception.o
 .mdebug.abi32  0x0000000000000000        0x0 proc/elf.o
 .mdebug.abi32  0x0000000000000000        0x0 proc/process.o
 .mdebug.abi32  0x0000000000000000        0x0 proc/syscall.o
 .mdebug.abi32  0x0000000000000000        0x0 proc/read.o
 .mdebug.abi32  0x0000000000000000        0x0 proc/write.o
 .mdebug.abi32  0x0000000000000000        0x0 proc/exec.o
 .mdebug.abi32  0x0000000000000000        0x0 proc/exit.o
 .mdebug.abi32  0x0000000000000000        0x0 proc/join.o
 .mdebug.abi32  0x0000000000000000        0x0 vm/vm.o
 .mdebug.abi32  0x0000000000000000        0x0 vm/pagepool.o
 .mdebug.abi32  0x0000000000000000        0x0 vm/tlb.o
 .mdebug.abi32  0x0000000000000000        0x0 fs/vfs.o
 .mdebug.abi32  0x0000000000000000        0x0 fs/tfs.o
 .mdebug.abi32  0x0000000000000000        0x0 fs/filesystems.o
 .mdebug.abi32  0x0000000000000000        0x0 net/network.o
 .mdebug.abi32  0x0000000000000000        0x0 net/protocols.o
 .mdebug.abi32  0x0000000000000000        0x0 net/socket.o
 .mdebug.abi32  0x0000000000000000        0x0 net/pop.o

.comment        0x0000000000000000       0x11
 .comment       0x0000000000000000       0x11 init/main.o
                                         0x12 (size before relaxing)
 .comment       0x0000000000000000       0x12 kernel/panic.o
 .comment       0x0000000000000000       0x12 kernel/kmalloc.o
 .comment       0x0000000000000000       0x12 kernel/interrupt.o
 .comment       0x0000000000000000       0x12 kernel/thread.o
 .comment       0x0000000000000000       0x12 kernel/scheduler.o
 .comment       0x0000000000000000       0x12 kernel/sleepq.o
 .comment       0x0000000000000000       0x12 kernel/semaphore.o
 .comment       0x0000000000000000       0x12 kernel/exception.o
 .comment       0x0000000000000000       0x12 kernel/halt.o
 .comment       0x0000000000000000       0x12 lib/libc.o
 .comment       0x0000000000000000       0x12 lib/xprintf.o
 .comment       0x0000000000000000       0x12 lib/bitmap.o
 .comment       0x0000000000000000       0x12 lib/debug.o
 .comment       0x0000000000000000       0x12 drivers/polltty.o
 .comment       0x0000000000000000       0x12 drivers/timer.o
 .comment       0x0000000000000000       0x12 drivers/bootargs.o
 .comment       0x0000000000000000       0x12 drivers/device.o
 .comment       0x0000000000000000       0x12 drivers/drivers.o
 .comment       0x0000000000000000       0x12 drivers/tty.o
 .comment       0x0000000000000000       0x12 drivers/disk.o
 .comment       0x0000000000000000       0x12 drivers/disksched.o
 .comment       0x0000000000000000       0x12 drivers/metadev.o
 .comment       0x0000000000000000       0x12 proc/exception.o
 .comment       0x0000000000000000       0x12 proc/elf.o
 .comment       0x0000000000000000       0x12 proc/process.o
 .comment       0x0000000000000000       0x12 proc/syscall.o
 .comment       0x0000000000000000       0x12 proc/read.o
 .comment       0x0000000000000000       0x12 proc/write.o
 .comment       0x0000000000000000       0x12 proc/exec.o
 .comment       0x0000000000000000       0x12 proc/exit.o
 .comment       0x0000000000000000       0x12 proc/join.o
 .comment       0x0000000000000000       0x12 vm/vm.o
 .comment       0x0000000000000000       0x12 vm/pagepool.o
 .comment       0x0000000000000000       0x12 vm/tlb.o
 .comment       0x0000000000000000       0x12 fs/vfs.o
 .comment       0x0000000000000000       0x12 fs/tfs.o
 .comment       0x0000000000000000       0x12 fs/filesystems.o
 .comment       0x0000000000000000       0x12 net/network.o
 .comment       0x0000000000000000       0x12 net/protocols.o
 .comment       0x0000000000000000       0x12 net/socket.o
 .comment       0x0000000000000000       0x12 net/pop.o

.gnu.attributes
                0x0000000000000000       0x10
 .gnu.attributes
                0x0000000000000000       0x10 init/main.o
 .gnu.attributes
                0x0000000000000010       0x10 kernel/panic.o
 .gnu.attributes
                0x0000000000000020       0x10 kernel/kmalloc.o
 .gnu.attributes
                0x0000000000000030       0x10 kernel/interrupt.o
 .gnu.attributes
                0x0000000000000040       0x10 kernel/thread.o
 .gnu.attributes
                0x0000000000000050       0x10 kernel/scheduler.o
 .gnu.attributes
                0x0000000000000060       0x10 kernel/sleepq.o
 .gnu.attributes
                0x0000000000000070       0x10 kernel/semaphore.o
 .gnu.attributes
                0x0000000000000080       0x10 kernel/exception.o
 .gnu.attributes
                0x0000000000000090       0x10 kernel/halt.o
 .gnu.attributes
                0x00000000000000a0       0x10 lib/libc.o
 .gnu.attributes
                0x00000000000000b0       0x10 lib/xprintf.o
 .gnu.attributes
                0x00000000000000c0       0x10 lib/bitmap.o
 .gnu.attributes
                0x00000000000000d0       0x10 lib/debug.o
 .gnu.attributes
                0x00000000000000e0       0x10 drivers/polltty.o
 .gnu.attributes
                0x00000000000000f0       0x10 drivers/timer.o
 .gnu.attributes
                0x0000000000000100       0x10 drivers/bootargs.o
 .gnu.attributes
                0x0000000000000110       0x10 drivers/device.o
 .gnu.attributes
                0x0000000000000120       0x10 drivers/drivers.o
 .gnu.attributes
                0x0000000000000130       0x10 drivers/tty.o
 .gnu.attributes
                0x0000000000000140       0x10 drivers/disk.o
 .gnu.attributes
                0x0000000000000150       0x10 drivers/disksched.o
 .gnu.attributes
                0x0000000000000160       0x10 drivers/metadev.o
 .gnu.attributes
                0x0000000000000170       0x10 proc/exception.o
 .gnu.attributes
                0x0000000000000180       0x10 proc/elf.o
 .gnu.attributes
                0x0000000000000190       0x10 proc/process.o
 .gnu.attributes
                0x00000000000001a0       0x10 proc/syscall.o
 .gnu.attributes
                0x00000000000001b0       0x10 proc/read.o
 .gnu.attributes
                0x00000000000001c0       0x10 proc/write.o
 .gnu.attributes
                0x00000000000001d0       0x10 proc/exec.o
 .gnu.attributes
                0x00000000000001e0       0x10 proc/exit.o
 .gnu.attributes
                0x00000000000001f0       0x10 proc/join.o
 .gnu.attributes
                0x0000000000000200       0x10 vm/vm.o
 .gnu.attributes
                0x0000000000000210       0x10 vm/pagepool.o
 .gnu.attributes
                0x0000000000000220       0x10 vm/tlb.o
 .gnu.attributes
                0x0000000000000230       0x10 fs/vfs.o
 .gnu.attributes
                0x0000000000000240       0x10 fs/tfs.o
 .gnu.attributes
                0x0000000000000250       0x10 fs/filesystems.o
 .gnu.attributes
                0x0000000000000260       0x10 net/network.o
 .gnu.attributes
                0x0000000000000270       0x10 net/protocols.o
 .gnu.attributes
                0x0000000000000280       0x10 net/socket.o
 .gnu.attributes
                0x0000000000000290       0x10 net/pop.o

.stab           0x0000000000000000     0x1560
 .stab          0x0000000000000000       0xfc init/_boot.o
 .stab          0x00000000000000fc      0x9d8 kernel/cswitch.o
                                        0x9e4 (size before relaxing)
 .stab          0x0000000000000ad4      0x3f0 kernel/_interrupt.o
                                        0x3fc (size before relaxing)
 .stab          0x0000000000000ec4       0xb4 kernel/_spinlock.o
                                         0xc0 (size before relaxing)
 .stab          0x0000000000000f78       0x54 kernel/idle.o
                                         0x60 (size before relaxing)
 .stab          0x0000000000000fcc       0xe4 lib/rand.o
                                         0xf0 (size before relaxing)
 .stab          0x00000000000010b0       0x6c drivers/_timer.o
                                         0x78 (size before relaxing)
 .stab          0x000000000000111c      0x444 vm/_tlb.o
                                        0x450 (size before relaxing)

.stabstr        0x0000000000000000      0x3a9
 .stabstr       0x0000000000000000      0x3a9 init/_boot.o

.debug_info     0x0000000000000000     0xecec
 .debug_info    0x0000000000000000      0xb42 init/main.o
 .debug_info    0x0000000000000b42      0x180 kernel/panic.o
 .debug_info    0x0000000000000cc2      0x366 kernel/kmalloc.o
 .debug_info    0x0000000000001028      0x7d5 kernel/interrupt.o
 .debug_info    0x00000000000017fd      0x89f kernel/thread.o
 .debug_info    0x000000000000209c      0x69d kernel/scheduler.o
 .debug_info    0x0000000000002739      0x798 kernel/sleepq.o
 .debug_info    0x0000000000002ed1      0x49f kernel/semaphore.o
 .debug_info    0x0000000000003370      0x454 kernel/exception.o
 .debug_info    0x00000000000037c4      0x11b kernel/halt.o
 .debug_info    0x00000000000038df      0x370 lib/libc.o
 .debug_info    0x0000000000003c4f      0x86c lib/xprintf.o
 .debug_info    0x00000000000044bb      0x34e lib/bitmap.o
 .debug_info    0x0000000000004809      0x140 lib/debug.o
 .debug_info    0x0000000000004949      0x1c6 drivers/polltty.o
 .debug_info    0x0000000000004b0f      0x10d drivers/timer.o
 .debug_info    0x0000000000004c1c      0x23f drivers/bootargs.o
 .debug_info    0x0000000000004e5b      0x353 drivers/device.o
 .debug_info    0x00000000000051ae      0x1e0 drivers/drivers.o
 .debug_info    0x000000000000538e      0x830 drivers/tty.o
 .debug_info    0x0000000000005bbe      0xb22 drivers/disk.o
 .debug_info    0x00000000000066e0      0x1c9 drivers/disksched.o
 .debug_info    0x00000000000068a9      0x805 drivers/metadev.o
 .debug_info    0x00000000000070ae      0x62c proc/exception.o
 .debug_info    0x00000000000076da      0x41c proc/elf.o
 .debug_info    0x0000000000007af6     0x14d9 proc/process.o
 .debug_info    0x0000000000008fcf      0x240 proc/syscall.o
 .debug_info    0x000000000000920f      0x366 proc/read.o
 .debug_info    0x0000000000009575      0x359 proc/write.o
 .debug_info    0x00000000000098ce       0xa4 proc/exec.o
 .debug_info    0x0000000000009972       0x86 proc/exit.o
 .debug_info    0x00000000000099f8       0x99 proc/join.o
 .debug_info    0x0000000000009a91      0x4ef vm/vm.o
 .debug_info    0x0000000000009f80      0x4db vm/pagepool.o
 .debug_info    0x000000000000a45b      0x375 vm/tlb.o
 .debug_info    0x000000000000a7d0     0x15ab fs/vfs.o
 .debug_info    0x000000000000bd7b     0x1063 fs/tfs.o
 .debug_info    0x000000000000cdde      0x55d fs/filesystems.o
 .debug_info    0x000000000000d33b      0xa54 net/network.o
 .debug_info    0x000000000000dd8f      0x182 net/protocols.o
 .debug_info    0x000000000000df11      0x3f8 net/socket.o
 .debug_info    0x000000000000e309      0x9e3 net/pop.o

.debug_abbrev   0x0000000000000000     0x4663
 .debug_abbrev  0x0000000000000000      0x1e1 init/main.o
 .debug_abbrev  0x00000000000001e1       0xf6 kernel/panic.o
 .debug_abbrev  0x00000000000002d7      0x1d8 kernel/kmalloc.o
 .debug_abbrev  0x00000000000004af      0x231 kernel/interrupt.o
 .debug_abbrev  0x00000000000006e0      0x2d2 kernel/thread.o
 .debug_abbrev  0x00000000000009b2      0x24e kernel/scheduler.o
 .debug_abbrev  0x0000000000000c00      0x223 kernel/sleepq.o
 .debug_abbrev  0x0000000000000e23      0x1cd kernel/semaphore.o
 .debug_abbrev  0x0000000000000ff0      0x16a kernel/exception.o
 .debug_abbrev  0x000000000000115a       0xd6 kernel/halt.o
 .debug_abbrev  0x0000000000001230      0x161 lib/libc.o
 .debug_abbrev  0x0000000000001391      0x233 lib/xprintf.o
 .debug_abbrev  0x00000000000015c4      0x160 lib/bitmap.o
 .debug_abbrev  0x0000000000001724       0xde lib/debug.o
 .debug_abbrev  0x0000000000001802       0xfb drivers/polltty.o
 .debug_abbrev  0x00000000000018fd       0xc8 drivers/timer.o
 .debug_abbrev  0x00000000000019c5      0x1ab drivers/bootargs.o
 .debug_abbrev  0x0000000000001b70      0x1d2 drivers/device.o
 .debug_abbrev  0x0000000000001d42       0xaa drivers/drivers.o
 .debug_abbrev  0x0000000000001dec      0x266 drivers/tty.o
 .debug_abbrev  0x0000000000002052      0x2eb drivers/disk.o
 .debug_abbrev  0x000000000000233d       0xd6 drivers/disksched.o
 .debug_abbrev  0x0000000000002413      0x270 drivers/metadev.o
 .debug_abbrev  0x0000000000002683      0x1a0 proc/exception.o
 .debug_abbrev  0x0000000000002823      0x15c proc/elf.o
 .debug_abbrev  0x000000000000297f      0x343 proc/process.o
 .debug_abbrev  0x0000000000002cc2      0x12e proc/syscall.o
 .debug_abbrev  0x0000000000002df0      0x13b proc/read.o
 .debug_abbrev  0x0000000000002f2b      0x13b proc/write.o
 .debug_abbrev  0x0000000000003066       0xa6 proc/exec.o
 .debug_abbrev  0x000000000000310c       0x85 proc/exit.o
 .debug_abbrev  0x0000000000003191       0x96 proc/join.o
 .debug_abbrev  0x0000000000003227      0x1ee vm/vm.o
 .debug_abbrev  0x0000000000003415      0x178 vm/pagepool.o
 .debug_abbrev  0x000000000000358d      0x188 vm/tlb.o
 .debug_abbrev  0x0000000000003715      0x347 fs/vfs.o
 .debug_abbrev  0x0000000000003a5c      0x294 fs/tfs.o
 .debug_abbrev  0x0000000000003cf0      0x154 fs/filesystems.o
 .debug_abbrev  0x0000000000003e44      0x37c net/network.o
 .debug_abbrev  0x00000000000041c0       0xf3 net/protocols.o
 .debug_abbrev  0x00000000000042b3      0x196 net/socket.o
 .debug_abbrev  0x0000000000004449      0x21a net/pop.o

.debug_loc      0x0000000000000000     0x77cb
 .debug_loc     0x0000000000000000      0x158 init/main.o
 .debug_loc     0x0000000000000158       0xc3 kernel/panic.o
 .debug_loc     0x000000000000021b      0x157 kernel/kmalloc.o
 .debug_loc     0x0000000000000372      0x2a2 kernel/interrupt.o
 .debug_loc     0x0000000000000614      0x33f kernel/thread.o
 .debug_loc     0x0000000000000953      0x1e4 kernel/scheduler.o
 .debug_loc     0x0000000000000b37      0x362 kernel/sleepq.o
 .debug_loc     0x0000000000000e99      0x263 kernel/semaphore.o
 .debug_loc     0x00000000000010fc       0xc5 kernel/exception.o
 .debug_loc     0x00000000000011c1       0x2c kernel/halt.o
 .debug_loc     0x00000000000011ed      0x557 lib/libc.o
 .debug_loc     0x0000000000001744      0xd0d lib/xprintf.o
 .debug_loc     0x0000000000002451      0x61e lib/bitmap.o
 .debug_loc     0x0000000000002a6f       0x79 lib/debug.o
 .debug_loc     0x0000000000002ae8       0x4e drivers/polltty.o
 .debug_loc     0x0000000000002b36       0x76 drivers/timer.o
 .debug_loc     0x0000000000002bac      0x21e drivers/bootargs.o
 .debug_loc     0x0000000000002dca       0xf0 drivers/device.o
 .debug_loc     0x0000000000002eba      0x46d drivers/tty.o
 .debug_loc     0x0000000000003327      0x5cb drivers/disk.o
 .debug_loc     0x00000000000038f2      0x4be drivers/metadev.o
 .debug_loc     0x0000000000003db0       0x8e proc/exception.o
 .debug_loc     0x0000000000003e3e       0xd9 proc/elf.o
 .debug_loc     0x0000000000003f17      0x5f5 proc/process.o
 .debug_loc     0x000000000000450c      0x130 proc/syscall.o
 .debug_loc     0x000000000000463c      0x187 proc/read.o
 .debug_loc     0x00000000000047c3      0x18d proc/write.o
 .debug_loc     0x0000000000004950       0x21 proc/exec.o
 .debug_loc     0x0000000000004971       0x21 proc/exit.o
 .debug_loc     0x0000000000004992       0x21 proc/join.o
 .debug_loc     0x00000000000049b3      0x31c vm/vm.o
 .debug_loc     0x0000000000004ccf      0x18c vm/pagepool.o
 .debug_loc     0x0000000000004e5b       0x6e vm/tlb.o
 .debug_loc     0x0000000000004ec9      0xe25 fs/vfs.o
 .debug_loc     0x0000000000005cee      0xb9a fs/tfs.o
 .debug_loc     0x0000000000006888       0xd3 fs/filesystems.o
 .debug_loc     0x000000000000695b      0x678 net/network.o
 .debug_loc     0x0000000000006fd3       0x5c net/protocols.o
 .debug_loc     0x000000000000702f      0x1a0 net/socket.o
 .debug_loc     0x00000000000071cf      0x5fc net/pop.o

.debug_aranges  0x0000000000000000      0x538
 .debug_aranges
                0x0000000000000000       0x20 init/main.o
 .debug_aranges
                0x0000000000000020       0x20 kernel/panic.o
 .debug_aranges
                0x0000000000000040       0x20 kernel/kmalloc.o
 .debug_aranges
                0x0000000000000060       0x20 kernel/interrupt.o
 .debug_aranges
                0x0000000000000080       0x20 kernel/thread.o
 .debug_aranges
                0x00000000000000a0       0x20 kernel/scheduler.o
 .debug_aranges
                0x00000000000000c0       0x20 kernel/sleepq.o
 .debug_aranges
                0x00000000000000e0       0x20 kernel/semaphore.o
 .debug_aranges
                0x0000000000000100       0x20 kernel/exception.o
 .debug_aranges
                0x0000000000000120       0x20 kernel/halt.o
 .debug_aranges
                0x0000000000000140       0x20 lib/libc.o
 .debug_aranges
                0x0000000000000160       0x20 lib/xprintf.o
 .debug_aranges
                0x0000000000000180       0x20 lib/bitmap.o
 .debug_aranges
                0x00000000000001a0       0x20 lib/debug.o
 .debug_aranges
                0x00000000000001c0       0x20 drivers/polltty.o
 .debug_aranges
                0x00000000000001e0       0x20 drivers/timer.o
 .debug_aranges
                0x0000000000000200       0x20 drivers/bootargs.o
 .debug_aranges
                0x0000000000000220       0x20 drivers/device.o
 .debug_aranges
                0x0000000000000240       0x18 drivers/drivers.o
 .debug_aranges
                0x0000000000000258       0x20 drivers/tty.o
 .debug_aranges
                0x0000000000000278       0x20 drivers/disk.o
 .debug_aranges
                0x0000000000000298       0x20 drivers/disksched.o
 .debug_aranges
                0x00000000000002b8       0x20 drivers/metadev.o
 .debug_aranges
                0x00000000000002d8       0x20 proc/exception.o
 .debug_aranges
                0x00000000000002f8       0x20 proc/elf.o
 .debug_aranges
                0x0000000000000318       0x20 proc/process.o
 .debug_aranges
                0x0000000000000338       0x20 proc/syscall.o
 .debug_aranges
                0x0000000000000358       0x20 proc/read.o
 .debug_aranges
                0x0000000000000378       0x20 proc/write.o
 .debug_aranges
                0x0000000000000398       0x20 proc/exec.o
 .debug_aranges
                0x00000000000003b8       0x20 proc/exit.o
 .debug_aranges
                0x00000000000003d8       0x20 proc/join.o
 .debug_aranges
                0x00000000000003f8       0x20 vm/vm.o
 .debug_aranges
                0x0000000000000418       0x20 vm/pagepool.o
 .debug_aranges
                0x0000000000000438       0x20 vm/tlb.o
 .debug_aranges
                0x0000000000000458       0x20 fs/vfs.o
 .debug_aranges
                0x0000000000000478       0x20 fs/tfs.o
 .debug_aranges
                0x0000000000000498       0x20 fs/filesystems.o
 .debug_aranges
                0x00000000000004b8       0x20 net/network.o
 .debug_aranges
                0x00000000000004d8       0x20 net/protocols.o
 .debug_aranges
                0x00000000000004f8       0x20 net/socket.o
 .debug_aranges
                0x0000000000000518       0x20 net/pop.o

.debug_ranges   0x0000000000000000      0x328
 .debug_ranges  0x0000000000000000       0x18 init/main.o
 .debug_ranges  0x0000000000000018       0x28 kernel/thread.o
 .debug_ranges  0x0000000000000040       0x40 kernel/scheduler.o
 .debug_ranges  0x0000000000000080       0x20 lib/bitmap.o
 .debug_ranges  0x00000000000000a0       0x18 drivers/bootargs.o
 .debug_ranges  0x00000000000000b8       0x40 drivers/device.o
 .debug_ranges  0x00000000000000f8       0x40 drivers/tty.o
 .debug_ranges  0x0000000000000138       0x40 drivers/disk.o
 .debug_ranges  0x0000000000000178       0x50 fs/vfs.o
 .debug_ranges  0x00000000000001c8      0x140 net/network.o
 .debug_ranges  0x0000000000000308       0x20 net/socket.o

.debug_line     0x0000000000000000     0x3774
 .debug_line    0x0000000000000000      0x1ff init/main.o
 .debug_line    0x00000000000001ff       0x90 kernel/panic.o
 .debug_line    0x000000000000028f       0xe5 kernel/kmalloc.o
 .debug_line    0x0000000000000374      0x1bb kernel/interrupt.o
 .debug_line    0x000000000000052f      0x1e5 kernel/thread.o
 .debug_line    0x0000000000000714      0x17a kernel/scheduler.o
 .debug_line    0x000000000000088e      0x1b5 kernel/sleepq.o
 .debug_line    0x0000000000000a43      0x11e kernel/semaphore.o
 .debug_line    0x0000000000000b61       0xd7 kernel/exception.o
 .debug_line    0x0000000000000c38       0x84 kernel/halt.o
 .debug_line    0x0000000000000cbc      0x1ac lib/libc.o
 .debug_line    0x0000000000000e68      0x263 lib/xprintf.o
 .debug_line    0x00000000000010cb      0x134 lib/bitmap.o
 .debug_line    0x00000000000011ff       0x9b lib/debug.o
 .debug_line    0x000000000000129a       0x95 drivers/polltty.o
 .debug_line    0x000000000000132f       0x6e drivers/timer.o
 .debug_line    0x000000000000139d      0x106 drivers/bootargs.o
 .debug_line    0x00000000000014a3       0xe1 drivers/device.o
 .debug_line    0x0000000000001584       0x70 drivers/drivers.o
 .debug_line    0x00000000000015f4      0x1fa drivers/tty.o
 .debug_line    0x00000000000017ee      0x1fa drivers/disk.o
 .debug_line    0x00000000000019e8       0x9f drivers/disksched.o
 .debug_line    0x0000000000001a87      0x185 drivers/metadev.o
 .debug_line    0x0000000000001c0c       0xfb proc/exception.o
 .debug_line    0x0000000000001d07       0xdc proc/elf.o
 .debug_line    0x0000000000001de3      0x33a proc/process.o
 .debug_line    0x000000000000211d      0x10a proc/syscall.o
 .debug_line    0x0000000000002227       0xd1 proc/read.o
 .debug_line    0x00000000000022f8       0xbc proc/write.o
 .debug_line    0x00000000000023b4       0x4e proc/exec.o
 .debug_line    0x0000000000002402       0x4e proc/exit.o
 .debug_line    0x0000000000002450       0x4e proc/join.o
 .debug_line    0x000000000000249e      0x17c vm/vm.o
 .debug_line    0x000000000000261a      0x114 vm/pagepool.o
 .debug_line    0x000000000000272e       0x95 vm/tlb.o
 .debug_line    0x00000000000027c3      0x3ac fs/vfs.o
 .debug_line    0x0000000000002b6f      0x40b fs/tfs.o
 .debug_line    0x0000000000002f7a       0xe4 fs/filesystems.o
 .debug_line    0x000000000000305e      0x20e net/network.o
 .debug_line    0x000000000000326c       0x90 net/protocols.o
 .debug_line    0x00000000000032fc      0x177 net/socket.o
 .debug_line    0x0000000000003473      0x301 net/pop.o

.debug_str      0x0000000000000000     0x1c51
 .debug_str     0x0000000000000000      0x30e init/main.o
                                        0x375 (size before relaxing)
 .debug_str     0x000000000000030e       0x45 kernel/panic.o
                                        0x11f (size before relaxing)
 .debug_str     0x0000000000000353       0xb4 kernel/kmalloc.o
                                        0x1c5 (size before relaxing)
 .debug_str     0x0000000000000407      0x221 kernel/interrupt.o
                                        0x3df (size before relaxing)
 .debug_str     0x0000000000000628      0x13a kernel/thread.o
                                        0x41d (size before relaxing)
 .debug_str     0x0000000000000762       0x72 kernel/scheduler.o
                                        0x3ae (size before relaxing)
 .debug_str     0x00000000000007d4       0x8e kernel/sleepq.o
                                        0x38d (size before relaxing)
 .debug_str     0x0000000000000862       0x8f kernel/semaphore.o
                                        0x228 (size before relaxing)
 .debug_str     0x00000000000008f1       0xa3 kernel/exception.o
                                        0x1b2 (size before relaxing)
 .debug_str     0x0000000000000994       0x19 kernel/halt.o
                                         0xd9 (size before relaxing)
 .debug_str     0x00000000000009ad       0x74 lib/libc.o
                                        0x143 (size before relaxing)
 .debug_str     0x0000000000000a21       0x9d lib/xprintf.o
                                        0x1f7 (size before relaxing)
 .debug_str     0x0000000000000abe       0x6e lib/bitmap.o
                                        0x121 (size before relaxing)
 .debug_str     0x0000000000000b2c       0x27 lib/debug.o
                                         0xfd (size before relaxing)
 .debug_str     0x0000000000000b53       0x3c drivers/polltty.o
                                        0x15c (size before relaxing)
 .debug_str     0x0000000000000b8f       0x21 drivers/timer.o
                                        0x121 (size before relaxing)
 .debug_str     0x0000000000000bb0       0x5c drivers/bootargs.o
                                        0x134 (size before relaxing)
 .debug_str     0x0000000000000c0c       0x74 drivers/device.o
                                        0x1bd (size before relaxing)
 .debug_str     0x0000000000000c80       0x12 drivers/drivers.o
                                        0x16d (size before relaxing)
 .debug_str     0x0000000000000c92       0xa4 drivers/tty.o
                                        0x30b (size before relaxing)
 .debug_str     0x0000000000000d36      0x195 drivers/disk.o
                                        0x433 (size before relaxing)
 .debug_str     0x0000000000000ecb       0x14 drivers/disksched.o
                                        0x18c (size before relaxing)
 .debug_str     0x0000000000000edf      0x121 drivers/metadev.o
                                        0x35b (size before relaxing)
 .debug_str     0x0000000000001000       0x3f proc/exception.o
                                        0x2e3 (size before relaxing)
 .debug_str     0x000000000000103f      0x1a5 proc/elf.o
                                        0x257 (size before relaxing)
 .debug_str     0x00000000000011e4      0x1d9 proc/process.o
                                        0x5ef (size before relaxing)
 .debug_str     0x00000000000013bd       0x51 proc/syscall.o
                                        0x151 (size before relaxing)
 .debug_str     0x000000000000140e       0x17 proc/read.o
                                        0x18c (size before relaxing)
 .debug_str     0x0000000000001425        0xd proc/write.o
                                        0x18e (size before relaxing)
 .debug_str     0x0000000000001432       0x15 proc/exec.o
                                         0x6e (size before relaxing)
 .debug_str     0x0000000000001447        0xc proc/exit.o
                                         0x60 (size before relaxing)
 .debug_str     0x0000000000001453        0xc proc/join.o
                                         0x64 (size before relaxing)
 .debug_str     0x000000000000145f       0x40 vm/vm.o
                                        0x1f3 (size before relaxing)
 .debug_str     0x000000000000149f       0x70 vm/pagepool.o
                                        0x282 (size before relaxing)
 .debug_str     0x000000000000150f       0x60 vm/tlb.o
                                        0x19e (size before relaxing)
 .debug_str     0x000000000000156f      0x1b0 fs/vfs.o
                                        0x4dc (size before relaxing)
 .debug_str     0x000000000000171f       0xd2 fs/tfs.o
                                        0x45e (size before relaxing)
 .debug_str     0x00000000000017f1       0x34 fs/filesystems.o
                                        0x2da (size before relaxing)
 .debug_str     0x0000000000001825      0x222 net/network.o
                                        0x41a (size before relaxing)
 .debug_str     0x0000000000001a47       0x36 net/protocols.o
                                        0x145 (size before relaxing)
 .debug_str     0x0000000000001a7d       0xa1 net/socket.o
                                        0x204 (size before relaxing)
 .debug_str     0x0000000000001b1e      0x133 net/pop.o
                                        0x398 (size before relaxing)

.debug_frame    0x0000000000000000     0x1ad0
 .debug_frame   0x0000000000000000       0x88 init/main.o
 .debug_frame   0x0000000000000088       0x38 kernel/panic.o
 .debug_frame   0x00000000000000c0       0x9c kernel/kmalloc.o
 .debug_frame   0x000000000000015c       0x9c kernel/interrupt.o
 .debug_frame   0x00000000000001f8      0x120 kernel/thread.o
 .debug_frame   0x0000000000000318       0xa4 kernel/scheduler.o
 .debug_frame   0x00000000000003bc       0xc8 kernel/sleepq.o
 .debug_frame   0x0000000000000484       0xc8 kernel/semaphore.o
 .debug_frame   0x000000000000054c       0x50 kernel/exception.o
 .debug_frame   0x000000000000059c       0x2c kernel/halt.o
 .debug_frame   0x00000000000005c8       0xb8 lib/libc.o
 .debug_frame   0x0000000000000680      0x118 lib/xprintf.o
 .debug_frame   0x0000000000000798       0xe4 lib/bitmap.o
 .debug_frame   0x000000000000087c       0x30 lib/debug.o
 .debug_frame   0x00000000000008ac       0x40 drivers/polltty.o
 .debug_frame   0x00000000000008ec       0x30 drivers/timer.o
 .debug_frame   0x000000000000091c       0x4c drivers/bootargs.o
 .debug_frame   0x0000000000000968       0x54 drivers/device.o
 .debug_frame   0x00000000000009bc       0xd4 drivers/tty.o
 .debug_frame   0x0000000000000a90      0x144 drivers/disk.o
 .debug_frame   0x0000000000000bd4       0x20 drivers/disksched.o
 .debug_frame   0x0000000000000bf4      0x17c drivers/metadev.o
 .debug_frame   0x0000000000000d70       0x34 proc/exception.o
 .debug_frame   0x0000000000000da4       0x48 proc/elf.o
 .debug_frame   0x0000000000000dec      0x198 proc/process.o
 .debug_frame   0x0000000000000f84       0x58 proc/syscall.o
 .debug_frame   0x0000000000000fdc       0x44 proc/read.o
 .debug_frame   0x0000000000001020       0x4c proc/write.o
 .debug_frame   0x000000000000106c       0x20 proc/exec.o
 .debug_frame   0x000000000000108c       0x20 proc/exit.o
 .debug_frame   0x00000000000010ac       0x20 proc/join.o
 .debug_frame   0x00000000000010cc       0xf0 vm/vm.o
 .debug_frame   0x00000000000011bc       0x8c vm/pagepool.o
 .debug_frame   0x0000000000001248       0x6c vm/tlb.o
 .debug_frame   0x00000000000012b4      0x33c fs/vfs.o
 .debug_frame   0x00000000000015f0      0x1bc fs/tfs.o
 .debug_frame   0x00000000000017ac       0x40 fs/filesystems.o
 .debug_frame   0x00000000000017ec      0x110 net/network.o
 .debug_frame   0x00000000000018fc       0x40 net/protocols.o
 .debug_frame   0x000000000000193c       0x98 net/socket.o
 .debug_frame   0x00000000000019d4       0xfc net/pop.o

Cross Reference Table

Symbol                                            File
DEBUG                                             lib/debug.o
                                                  init/main.o
KERNEL_ENDS_HERE                                  kernel/kmalloc.o
_cswitch_switch                                   kernel/cswitch.o
_cswitch_to_userland                              kernel/cswitch.o
                                                  kernel/thread.o
_cswitch_vector_code                              kernel/cswitch.o
                                                  kernel/interrupt.o
_get_rand                                         lib/rand.o
                                                  kernel/scheduler.o
_idle_thread_wait_loop                            kernel/idle.o
                                                  kernel/thread.o
                                                  init/_boot.o
_interrupt_clear_EXL                              kernel/_interrupt.o
                                                  proc/exception.o
                                                  kernel/exception.o
_interrupt_clear_bootstrap                        kernel/_interrupt.o
                                                  init/main.o
                                                  init/_boot.o
_interrupt_clear_sw                               kernel/_interrupt.o
_interrupt_clear_sw0                              kernel/_interrupt.o
                                                  kernel/interrupt.o
_interrupt_clear_sw1                              kernel/_interrupt.o
_interrupt_disable                                kernel/_interrupt.o
                                                  vm/pagepool.o
                                                  proc/process.o
                                                  proc/exception.o
                                                  drivers/metadev.o
                                                  drivers/disk.o
                                                  drivers/tty.o
                                                  drivers/timer.o
                                                  lib/xprintf.o
                                                  kernel/exception.o
                                                  kernel/semaphore.o
                                                  kernel/sleepq.o
                                                  kernel/scheduler.o
                                                  kernel/thread.o
                                                  kernel/panic.o
_interrupt_enable                                 kernel/_interrupt.o
                                                  proc/exception.o
                                                  kernel/thread.o
                                                  init/main.o
                                                  init/_boot.o
_interrupt_generate_sw0                           kernel/_interrupt.o
                                                  kernel/thread.o
                                                  init/_boot.o
_interrupt_get_state                              kernel/_interrupt.o
                                                  kernel/sleepq.o
_interrupt_getcpu                                 kernel/_interrupt.o
                                                  drivers/metadev.o
                                                  kernel/scheduler.o
                                                  kernel/thread.o
                                                  kernel/interrupt.o
                                                  kernel/panic.o
_interrupt_set_EXL                                kernel/_interrupt.o
                                                  proc/exception.o
                                                  kernel/exception.o
_interrupt_set_state                              kernel/_interrupt.o
                                                  vm/pagepool.o
                                                  proc/process.o
                                                  drivers/metadev.o
                                                  drivers/disk.o
                                                  drivers/tty.o
                                                  drivers/timer.o
                                                  lib/xprintf.o
                                                  kernel/exception.o
                                                  kernel/semaphore.o
                                                  kernel/sleepq.o
                                                  kernel/scheduler.o
                                                  kernel/thread.o
_kernel_panic                                     kernel/panic.o
                                                  net/pop.o
                                                  net/socket.o
                                                  net/network.o
                                                  fs/vfs.o
                                                  vm/tlb.o
                                                  vm/pagepool.o
                                                  vm/vm.o
                                                  proc/write.o
                                                  proc/read.o
                                                  proc/syscall.o
                                                  proc/process.o
                                                  proc/exception.o
                                                  drivers/metadev.o
                                                  drivers/disk.o
                                                  drivers/tty.o
                                                  lib/bitmap.o
                                                  kernel/exception.o
                                                  kernel/semaphore.o
                                                  kernel/sleepq.o
                                                  kernel/scheduler.o
                                                  kernel/thread.o
                                                  kernel/interrupt.o
                                                  kernel/kmalloc.o
                                                  init/main.o
_set_rand_seed                                    lib/rand.o
                                                  init/main.o
_start                                            init/_boot.o
_timer_set_ticks                                  drivers/_timer.o
                                                  drivers/timer.o
_tlb_get_exception_state                          vm/_tlb.o
                                                  kernel/exception.o
_tlb_get_maxindex                                 vm/_tlb.o
                                                  vm/tlb.o
                                                  proc/process.o
_tlb_probe                                        vm/_tlb.o
_tlb_read                                         vm/_tlb.o
_tlb_set_asid                                     vm/_tlb.o
                                                  vm/tlb.o
_tlb_write                                        vm/_tlb.o
                                                  vm/tlb.o
_tlb_write_random                                 vm/_tlb.o
atoi                                              lib/libc.o
                                                  init/main.o
bitmap_findnset                                   lib/bitmap.o
                                                  fs/tfs.o
                                                  vm/pagepool.o
bitmap_get                                        lib/bitmap.o
                                                  fs/tfs.o
                                                  vm/pagepool.o
bitmap_init                                       lib/bitmap.o
                                                  vm/pagepool.o
bitmap_set                                        lib/bitmap.o
                                                  fs/tfs.o
                                                  vm/pagepool.o
bitmap_sizeof                                     lib/bitmap.o
                                                  vm/pagepool.o
bootargs_get                                      drivers/bootargs.o
                                                  lib/debug.o
                                                  init/main.o
bootargs_init                                     drivers/bootargs.o
                                                  init/main.o
cpustatus_count                                   drivers/metadev.o
                                                  init/main.o
cpustatus_generate_irq                            drivers/metadev.o
cpustatus_init                                    drivers/metadev.o
                                                  drivers/drivers.o
cpustatus_interrupt_handle                        drivers/metadev.o
device_get                                        drivers/device.o
                                                  net/network.o
                                                  fs/vfs.o
                                                  proc/write.o
                                                  proc/read.o
                                                  init/main.o
device_init                                       drivers/device.o
                                                  init/main.o
disk_init                                         drivers/disk.o
                                                  drivers/drivers.o
disksched_schedule                                drivers/disksched.o
                                                  drivers/disk.o
drivers_available                                 drivers/drivers.o
                                                  drivers/device.o
elf_parse_header                                  proc/elf.o
                                                  proc/process.o
filesystems_try_all                               fs/filesystems.o
                                                  fs/vfs.o
halt_kernel                                       kernel/halt.o
                                                  proc/syscall.o
                                                  init/main.o
init                                              init/main.o
                                                  init/_boot.o
init_startup_fallback                             init/main.o
init_startup_thread                               init/main.o
interrupt_handle                                  kernel/interrupt.o
                                                  kernel/cswitch.o
interrupt_init                                    kernel/interrupt.o
                                                  init/main.o
interrupt_register                                kernel/interrupt.o
                                                  drivers/metadev.o
                                                  drivers/disk.o
                                                  drivers/tty.o
interrupt_stacks                                  kernel/interrupt.o
                                                  kernel/cswitch.o
kernel_bootstrap_finished                         init/main.o
                                                  init/_boot.o
kernel_exception_handle                           kernel/exception.o
                                                  kernel/cswitch.o
kmalloc                                           kernel/kmalloc.o
                                                  vm/pagepool.o
                                                  drivers/metadev.o
                                                  drivers/disk.o
                                                  drivers/tty.o
                                                  drivers/bootargs.o
[...]
                                                  vm/vm.o
kmalloc_get_numpages                              kernel/kmalloc.o
                                                  vm/pagepool.o
kmalloc_get_reserved_pages                        kernel/kmalloc.o
                                                  vm/pagepool.o
kmalloc_init                                      kernel/kmalloc.o
                                                  init/main.o
kprintf                                           lib/xprintf.o
                                                  net/network.o
                                                  fs/filesystems.o
                                                  fs/tfs.o
                                                  fs/vfs.o
                                                  vm/pagepool.o
                                                  vm/vm.o
                                                  proc/process.o
                                                  drivers/metadev.o
                                                  drivers/disk.o
                                                  drivers/device.o
                                                  kernel/halt.o
                                                  kernel/exception.o
                                                  kernel/thread.o
                                                  kernel/interrupt.o
                                                  kernel/kmalloc.o
                                                  kernel/panic.o
                                                  init/main.o
kprintf_slock                                     lib/xprintf.o
                                                  drivers/tty.o
kread                                             lib/libc.o
kvprintf                                          lib/xprintf.o
                                                  lib/debug.o
kwrite                                            lib/libc.o
                                                  init/main.o
memcopy                                           lib/libc.o
                                                  net/pop.o
                                                  net/network.o
                                                  fs/tfs.o
meminfo_get_pages                                 drivers/metadev.o
meminfo_init                                      drivers/metadev.o
                                                  drivers/drivers.o
memoryset                                         lib/libc.o
                                                  fs/tfs.o
                                                  proc/process.o
                                                  proc/elf.o
network_free_frame                                net/network.o
                                                  net/pop.o
network_get_broadcast_address                     net/network.o
network_get_loopback_address                      net/network.o
network_get_mtu                                   net/network.o
                                                  net/pop.o
network_get_source_address                        net/network.o
network_init                                      net/network.o
                                                  init/main.o
network_interfaces                                net/network.o
network_protocols                                 net/protocols.o
network_send                                      net/network.o
                                                  net/pop.o
open_sockets                                      net/pop.o
                                                  net/socket.o
open_sockets_sem                                  net/pop.o
                                                  net/socket.o
pagepool_free_phys_page                           vm/pagepool.o
                                                  net/network.o
                                                  fs/tfs.o
                                                  vm/vm.o
pagepool_get_phys_page                            vm/pagepool.o
                                                  net/pop.o
                                                  net/network.o
                                                  fs/tfs.o
                                                  vm/vm.o
                                                  proc/process.o
pagepool_init                                     vm/pagepool.o
                                                  vm/vm.o
polltty_getchar                                   drivers/polltty.o
                                                  lib/libc.o
polltty_init                                      drivers/polltty.o
                                                  init/main.o
polltty_putchar                                   drivers/polltty.o
                                                  lib/xprintf.o
                                                  lib/libc.o
pop_init                                          net/pop.o
                                                  net/protocols.o
pop_push_frame                                    net/pop.o
                                                  net/protocols.o
process_finish                                    proc/process.o
                                                  proc/exit.o
process_get_current_process                       proc/process.o
process_get_current_process_entry                 proc/process.o
process_get_free                                  proc/process.o
process_get_process_entry                         proc/process.o
process_init                                      proc/process.o
                                                  init/main.o
process_join                                      proc/process.o
                                                  proc/join.o
process_join_children                             proc/process.o
process_spawn                                     proc/process.o
                                                  proc/exec.o
                                                  init/main.o
process_start                                     proc/process.o
process_table                                     proc/process.o
process_table_slock                               proc/process.o
protocols_get_frame_handler                       net/protocols.o
                                                  net/network.o
protocols_init                                    net/protocols.o
                                                  net/network.o
rtc_get_clockspeed                                drivers/metadev.o
rtc_get_msec                                      drivers/metadev.o
                                                  net/pop.o
rtc_init                                          drivers/metadev.o
                                                  drivers/drivers.o
scheduler_add_ready                               kernel/scheduler.o
                                                  kernel/thread.o
scheduler_add_to_ready_list                       kernel/scheduler.o
                                                  kernel/sleepq.o
scheduler_current_thread                          kernel/scheduler.o
                                                  kernel/thread.o
                                                  kernel/interrupt.o
                                                  kernel/cswitch.o
scheduler_init                                    kernel/scheduler.o
                                                  init/main.o
scheduler_schedule                                kernel/scheduler.o
                                                  kernel/interrupt.o
semaphore_P                                       kernel/semaphore.o
                                                  net/pop.o
                                                  net/socket.o
                                                  fs/tfs.o
                                                  fs/vfs.o
                                                  drivers/disk.o
semaphore_V                                       kernel/semaphore.o
                                                  net/pop.o
                                                  net/socket.o
                                                  fs/tfs.o
                                                  fs/vfs.o
                                                  drivers/disk.o
semaphore_create                                  kernel/semaphore.o
                                                  net/pop.o
                                                  net/socket.o
                                                  fs/tfs.o
                                                  fs/vfs.o
                                                  drivers/disk.o
semaphore_destroy                                 kernel/semaphore.o
                                                  net/socket.o
                                                  fs/tfs.o
                                                  drivers/disk.o
semaphore_init                                    kernel/semaphore.o
                                                  init/main.o
shutdown                                          drivers/metadev.o
                                                  kernel/halt.o
                                                  kernel/panic.o
shutdown_init                                     drivers/metadev.o
                                                  drivers/drivers.o
sleepq_add                                        kernel/sleepq.o
                                                  proc/process.o
                                                  drivers/tty.o
                                                  kernel/semaphore.o
sleepq_init                                       kernel/sleepq.o
                                                  init/main.o
sleepq_wake                                       kernel/sleepq.o
                                                  proc/process.o
                                                  kernel/semaphore.o
sleepq_wake_all                                   kernel/sleepq.o
                                                  drivers/tty.o
snprintf                                          lib/xprintf.o
                                                  init/main.o
socket_close                                      net/socket.o
socket_init                                       net/socket.o
                                                  net/network.o
socket_open                                       net/socket.o
socket_recvfrom                                   net/pop.o
socket_sendto                                     net/pop.o
spinlock_acquire                                  kernel/_spinlock.o
                                                  vm/pagepool.o
                                                  proc/process.o
                                                  drivers/metadev.o
                                                  drivers/disk.o
                                                  drivers/tty.o
                                                  lib/xprintf.o
                                                  kernel/semaphore.o
                                                  kernel/sleepq.o
                                                  kernel/scheduler.o
                                                  kernel/thread.o
spinlock_release                                  kernel/_spinlock.o
                                                  vm/pagepool.o
                                                  proc/process.o
                                                  drivers/metadev.o
                                                  drivers/disk.o
                                                  drivers/tty.o
                                                  lib/xprintf.o
                                                  kernel/semaphore.o
                                                  kernel/sleepq.o
                                                  kernel/scheduler.o
                                                  kernel/thread.o
spinlock_reset                                    kernel/_spinlock.o
                                                  vm/pagepool.o
                                                  drivers/metadev.o
                                                  drivers/disk.o
                                                  drivers/tty.o
                                                  kernel/semaphore.o
                                                  kernel/sleepq.o
                                                  kernel/thread.o
stringcmp                                         lib/libc.o
                                                  fs/tfs.o
                                                  fs/vfs.o
stringcopy                                        lib/libc.o
                                                  fs/tfs.o
                                                  fs/vfs.o
                                                  proc/process.o
strlen                                            lib/libc.o
                                                  drivers/bootargs.o
syscall_exec                                      proc/exec.o
                                                  proc/syscall.o
syscall_exit                                      proc/exit.o
                                                  proc/syscall.o
syscall_handle                                    proc/syscall.o
                                                  proc/exception.o
syscall_join                                      proc/join.o
                                                  proc/syscall.o
syscall_read                                      proc/read.o
                                                  proc/syscall.o
syscall_write                                     proc/write.o
                                                  proc/syscall.o
tfs_close                                         fs/tfs.o
tfs_create                                        fs/tfs.o
tfs_getfree                                       fs/tfs.o
tfs_init                                          fs/tfs.o
                                                  fs/filesystems.o
tfs_open                                          fs/tfs.o
tfs_read                                          fs/tfs.o
tfs_remove                                        fs/tfs.o
tfs_unmount                                       fs/tfs.o
tfs_write                                         fs/tfs.o
thread_create                                     kernel/thread.o
                                                  net/pop.o
                                                  net/network.o
                                                  proc/process.o
                                                  init/main.o
thread_finish                                     kernel/thread.o
                                                  proc/process.o
thread_get_current_thread                         kernel/thread.o
                                                  proc/process.o
                                                  kernel/semaphore.o
                                                  kernel/sleepq.o
thread_get_current_thread_entry                   kernel/thread.o
                                                  proc/process.o
                                                  proc/exception.o
                                                  kernel/interrupt.o
thread_goto_userland                              kernel/thread.o
                                                  proc/process.o
thread_run                                        kernel/thread.o
                                                  net/pop.o
                                                  net/network.o
                                                  init/main.o
thread_stack_areas                                kernel/thread.o
thread_switch                                     kernel/thread.o
                                                  proc/process.o
                                                  drivers/tty.o
                                                  kernel/semaphore.o
                                                  init/main.o
thread_table                                      kernel/sleepq.o
                                                  kernel/scheduler.o
                                                  kernel/thread.o
                                                  kernel/cswitch.o
thread_table_init                                 kernel/thread.o
                                                  init/main.o
thread_table_slock                                kernel/sleepq.o
                                                  kernel/scheduler.o
                                                  kernel/thread.o
timer_set_ticks                                   drivers/timer.o
                                                  kernel/scheduler.o
tlb_fill                                          vm/tlb.o
                                                  proc/process.o
                                                  kernel/interrupt.o
tlb_load_exception                                vm/tlb.o
tlb_modified_exception                            vm/tlb.o
tlb_store_exception                               vm/tlb.o
tty_init                                          drivers/tty.o
                                                  drivers/drivers.o
tty_interrupt_handle                              drivers/tty.o
user_exception_handle                             proc/exception.o
                                                  kernel/cswitch.o
vfs_close                                         fs/vfs.o
vfs_create                                        fs/vfs.o
vfs_deinit                                        fs/vfs.o
                                                  kernel/halt.o
vfs_getfree                                       fs/vfs.o
vfs_init                                          fs/vfs.o
                                                  init/main.o
vfs_mount                                         fs/vfs.o
vfs_mount_all                                     fs/vfs.o
                                                  init/main.o
vfs_mount_fs                                      fs/vfs.o
vfs_open                                          fs/vfs.o
                                                  proc/process.o
vfs_read                                          fs/vfs.o
                                                  proc/process.o
                                                  proc/elf.o
vfs_remove                                        fs/vfs.o
vfs_seek                                          fs/vfs.o
                                                  proc/process.o
                                                  proc/elf.o
vfs_unmount                                       fs/vfs.o
vfs_write                                         fs/vfs.o
vm_create_pagetable                               vm/vm.o
                                                  proc/process.o
vm_destroy_pagetable                              vm/vm.o
                                                  proc/process.o
vm_init                                           vm/vm.o
                                                  init/main.o
vm_map                                            vm/vm.o
                                                  proc/process.o
vm_set_dirty                                      vm/vm.o
                                                  proc/process.o
vm_unmap                                          vm/vm.o
vsnprintf                                         lib/xprintf.o
